Archive member included because of file (symbol)

/usr/lib64/libc_nonshared.a(elf-init.oS)
                              /usr/lib/gcc/x86_64-redhat-linux/4.4.7/../../../../lib64/crt1.o (__libc_csu_fini)

Discarded input sections

 .note.GNU-stack
                0x0000000000000000        0x0 /usr/lib/gcc/x86_64-redhat-linux/4.4.7/../../../../lib64/crt1.o
 .note.GNU-stack
                0x0000000000000000        0x0 /usr/lib/gcc/x86_64-redhat-linux/4.4.7/../../../../lib64/crti.o
 .note.GNU-stack
                0x0000000000000000        0x0 /usr/lib/gcc/x86_64-redhat-linux/4.4.7/crtbegin.o
 .note.GNU-stack
                0x0000000000000000        0x0 aes.o
 .note.GNU-stack
                0x0000000000000000        0x0 test.o
 .note.GNU-stack
                0x0000000000000000        0x0 /usr/lib64/libc_nonshared.a(elf-init.oS)
 .note.GNU-stack
                0x0000000000000000        0x0 /usr/lib/gcc/x86_64-redhat-linux/4.4.7/crtend.o
 .note.GNU-stack
                0x0000000000000000        0x0 /usr/lib/gcc/x86_64-redhat-linux/4.4.7/../../../../lib64/crtn.o

Memory Configuration

Name             Origin             Length             Attributes
*default*        0x0000000000000000 0xffffffffffffffff

Linker script and memory map

LOAD /usr/lib/gcc/x86_64-redhat-linux/4.4.7/../../../../lib64/crt1.o
LOAD /usr/lib/gcc/x86_64-redhat-linux/4.4.7/../../../../lib64/crti.o
LOAD /usr/lib/gcc/x86_64-redhat-linux/4.4.7/crtbegin.o
LOAD aes.o
LOAD test.o
LOAD /usr/lib/gcc/x86_64-redhat-linux/4.4.7/libgcc.a
LOAD /usr/lib/gcc/x86_64-redhat-linux/4.4.7/libgcc_s.so
LOAD /usr/lib/gcc/x86_64-redhat-linux/4.4.7/../../../../lib64/libc.so
START GROUP
LOAD /lib64/libc.so.6
LOAD /usr/lib64/libc_nonshared.a
LOAD /lib64/ld-linux-x86-64.so.2
END GROUP
LOAD /usr/lib/gcc/x86_64-redhat-linux/4.4.7/libgcc.a
LOAD /usr/lib/gcc/x86_64-redhat-linux/4.4.7/libgcc_s.so
LOAD /usr/lib/gcc/x86_64-redhat-linux/4.4.7/crtend.o
LOAD /usr/lib/gcc/x86_64-redhat-linux/4.4.7/../../../../lib64/crtn.o
                0x0000000000400000                PROVIDE (__executable_start, 0x400000)
                0x0000000000400200                . = (0x400000 + SIZEOF_HEADERS)

.interp         0x0000000000400200       0x1c
 *(.interp)
 .interp        0x0000000000400200       0x1c /usr/lib/gcc/x86_64-redhat-linux/4.4.7/../../../../lib64/crt1.o

.note.ABI-tag   0x000000000040021c       0x20
 .note.ABI-tag  0x000000000040021c       0x20 /usr/lib/gcc/x86_64-redhat-linux/4.4.7/../../../../lib64/crt1.o

.note.gnu.build-id
                0x000000000040023c       0x24
 *(.note.gnu.build-id)
 .note.gnu.build-id
                0x000000000040023c       0x24 /usr/lib/gcc/x86_64-redhat-linux/4.4.7/../../../../lib64/crt1.o

.hash
 *(.hash)

.gnu.hash       0x0000000000400260       0x1c
 *(.gnu.hash)
 .gnu.hash      0x0000000000400260       0x1c /usr/lib/gcc/x86_64-redhat-linux/4.4.7/../../../../lib64/crt1.o

.dynsym         0x0000000000400280       0xc0
 *(.dynsym)
 .dynsym        0x0000000000400280       0xc0 /usr/lib/gcc/x86_64-redhat-linux/4.4.7/../../../../lib64/crt1.o

.dynstr         0x0000000000400340       0x5b
 *(.dynstr)
 .dynstr        0x0000000000400340       0x5b /usr/lib/gcc/x86_64-redhat-linux/4.4.7/../../../../lib64/crt1.o

.gnu.version    0x000000000040039c       0x10
 *(.gnu.version)
 .gnu.version   0x000000000040039c       0x10 /usr/lib/gcc/x86_64-redhat-linux/4.4.7/../../../../lib64/crt1.o

.gnu.version_d  0x00000000004003b0        0x0 load address 0x00000000004003ac
 *(.gnu.version_d)
 .gnu.version_d
                0x0000000000000000        0x0 /usr/lib/gcc/x86_64-redhat-linux/4.4.7/../../../../lib64/crt1.o

.gnu.version_r  0x00000000004003b0       0x20
 *(.gnu.version_r)
 .gnu.version_r
                0x00000000004003b0       0x20 /usr/lib/gcc/x86_64-redhat-linux/4.4.7/../../../../lib64/crt1.o

.rela.dyn       0x00000000004003d0       0x18
 *(.rela.init)
 *(.rela.text .rela.text.* .rela.gnu.linkonce.t.*)
 .rela.text     0x0000000000000000        0x0 /usr/lib/gcc/x86_64-redhat-linux/4.4.7/../../../../lib64/crt1.o
 *(.rela.fini)
 *(.rela.rodata .rela.rodata.* .rela.gnu.linkonce.r.*)
 *(.rela.data .rela.data.* .rela.gnu.linkonce.d.*)
 *(.rela.tdata .rela.tdata.* .rela.gnu.linkonce.td.*)
 *(.rela.tbss .rela.tbss.* .rela.gnu.linkonce.tb.*)
 *(.rela.ctors)
 *(.rela.dtors)
 *(.rela.got)
 .rela.got      0x00000000004003d0       0x18 /usr/lib/gcc/x86_64-redhat-linux/4.4.7/../../../../lib64/crt1.o
 *(.rela.sharable_data .rela.sharable_data.* .rela.gnu.linkonce.shrd.*)
 *(.rela.sharable_bss .rela.sharable_bss.* .rela.gnu.linkonce.shrb.*)
 .rela.sharable_bss
                0x0000000000000000        0x0 /usr/lib/gcc/x86_64-redhat-linux/4.4.7/../../../../lib64/crt1.o
 *(.rela.bss .rela.bss.* .rela.gnu.linkonce.b.*)
 .rela.bss      0x0000000000000000        0x0 /usr/lib/gcc/x86_64-redhat-linux/4.4.7/../../../../lib64/crt1.o
 *(.rela.ldata .rela.ldata.* .rela.gnu.linkonce.l.*)
 *(.rela.lbss .rela.lbss.* .rela.gnu.linkonce.lb.*)
 *(.rela.lrodata .rela.lrodata.* .rela.gnu.linkonce.lr.*)
 *(.rela.ifunc)

.rela.plt       0x00000000004003e8       0x90
 *(.rela.plt)
 .rela.plt      0x00000000004003e8       0x90 /usr/lib/gcc/x86_64-redhat-linux/4.4.7/../../../../lib64/crt1.o
                0x0000000000400478                PROVIDE (__rela_iplt_start, .)
 *(.rela.iplt)
 .rela.iplt     0x0000000000000000        0x0 /usr/lib/gcc/x86_64-redhat-linux/4.4.7/../../../../lib64/crt1.o
                0x0000000000400478                PROVIDE (__rela_iplt_end, .)

.init           0x0000000000400478       0x18
 *(.init)
 .init          0x0000000000400478        0x9 /usr/lib/gcc/x86_64-redhat-linux/4.4.7/../../../../lib64/crti.o
                0x0000000000400478                _init
 .init          0x0000000000400481        0x5 /usr/lib/gcc/x86_64-redhat-linux/4.4.7/crtbegin.o
 .init          0x0000000000400486        0x5 /usr/lib/gcc/x86_64-redhat-linux/4.4.7/crtend.o
 .init          0x000000000040048b        0x5 /usr/lib/gcc/x86_64-redhat-linux/4.4.7/../../../../lib64/crtn.o

.plt            0x0000000000400490       0x70
 *(.plt)
 .plt           0x0000000000400490       0x70 /usr/lib/gcc/x86_64-redhat-linux/4.4.7/../../../../lib64/crt1.o
                0x00000000004004a0                printf@@GLIBC_2.2.5
                0x00000000004004b0                puts@@GLIBC_2.2.5
                0x00000000004004c0                putchar@@GLIBC_2.2.5
                0x00000000004004d0                strncmp@@GLIBC_2.2.5
                0x00000000004004e0                malloc@@GLIBC_2.2.5
                0x00000000004004f0                __libc_start_main@@GLIBC_2.2.5
 *(.iplt)
 .iplt          0x0000000000000000        0x0 /usr/lib/gcc/x86_64-redhat-linux/4.4.7/../../../../lib64/crt1.o

.text           0x0000000000400500     0x15c8
 *(.text.unlikely .text.*_unlikely)
 *(.text .stub .text.* .gnu.linkonce.t.*)
 .text          0x0000000000400500       0x2c /usr/lib/gcc/x86_64-redhat-linux/4.4.7/../../../../lib64/crt1.o
                0x0000000000400500                _start
 .text          0x000000000040052c       0x17 /usr/lib/gcc/x86_64-redhat-linux/4.4.7/../../../../lib64/crti.o
 *fill*         0x0000000000400543        0xd 90909090
 .text          0x0000000000400550       0x92 /usr/lib/gcc/x86_64-redhat-linux/4.4.7/crtbegin.o
 *fill*         0x00000000004005e2        0x2 90909090
 .text          0x00000000004005e4      0xbbb aes.o
                0x0000000000400e0d                AES128_ECB_decrypt
                0x0000000000400e45                AES128_CBC_decrypt_buffer
                0x0000000000400f7c                AES128_CBC_encrypt_buffer
                0x00000000004010ad                AES128_ECB_encrypt
                0x0000000000401109                AES128_ECB_encrypt_dpi
 *fill*         0x000000000040119f        0x1 90909090
 .text          0x00000000004011a0      0x84c test.o
                0x00000000004011d4                main
 *fill*         0x00000000004019ec        0x4 90909090
 .text          0x00000000004019f0       0x99 /usr/lib64/libc_nonshared.a(elf-init.oS)
                0x00000000004019f0                __libc_csu_fini
                0x0000000000401a00                __libc_csu_init
 *fill*         0x0000000000401a89        0x7 90909090
 .text          0x0000000000401a90       0x36 /usr/lib/gcc/x86_64-redhat-linux/4.4.7/crtend.o
 *fill*         0x0000000000401ac6        0x2 90909090
 .text          0x0000000000401ac8        0x0 /usr/lib/gcc/x86_64-redhat-linux/4.4.7/../../../../lib64/crtn.o
 *(.gnu.warning)

.fini           0x0000000000401ac8        0xe
 *(.fini)
 .fini          0x0000000000401ac8        0x4 /usr/lib/gcc/x86_64-redhat-linux/4.4.7/../../../../lib64/crti.o
                0x0000000000401ac8                _fini
 .fini          0x0000000000401acc        0x5 /usr/lib/gcc/x86_64-redhat-linux/4.4.7/crtbegin.o
 .fini          0x0000000000401ad1        0x5 /usr/lib/gcc/x86_64-redhat-linux/4.4.7/../../../../lib64/crtn.o
                0x0000000000401ad6                PROVIDE (__etext, .)
                0x0000000000401ad6                PROVIDE (_etext, .)
                0x0000000000401ad6                PROVIDE (etext, .)

.rodata         0x0000000000401ae0      0x500
 *(.rodata .rodata.* .gnu.linkonce.r.*)
 .rodata.cst4   0x0000000000401ae0        0x4 /usr/lib/gcc/x86_64-redhat-linux/4.4.7/../../../../lib64/crt1.o
                0x0000000000401ae0                _IO_stdin_used
 *fill*         0x0000000000401ae4        0x4 00
 .rodata        0x0000000000401ae8        0x8 /usr/lib/gcc/x86_64-redhat-linux/4.4.7/crtbegin.o
                0x0000000000401ae8                __dso_handle
 .rodata.str1.1
                0x0000000000401af0       0x2f aes.o
 *fill*         0x0000000000401b1f        0x1 00
 .rodata        0x0000000000401b20      0x300 aes.o
 .rodata.str1.1
                0x0000000000401e20       0x74 test.o
 *fill*         0x0000000000401e94        0xc 00
 .rodata        0x0000000000401ea0      0x140 test.o

.rodata1
 *(.rodata1)

.eh_frame_hdr   0x0000000000401fe0       0x6c
 *(.eh_frame_hdr)
 .eh_frame_hdr  0x0000000000401fe0       0x6c aes.o

.eh_frame       0x0000000000402050      0x2ac
 *(.eh_frame)
 .eh_frame      0x0000000000402050      0x1f8 aes.o
                                        0x1e8 (size before relaxing)
 .eh_frame      0x0000000000402248       0x70 test.o
                                         0x88 (size before relaxing)
 .eh_frame      0x00000000004022b8       0x40 /usr/lib64/libc_nonshared.a(elf-init.oS)
                                         0x58 (size before relaxing)
 .eh_frame      0x00000000004022f8        0x4 /usr/lib/gcc/x86_64-redhat-linux/4.4.7/crtend.o

.gcc_except_table
 *(.gcc_except_table .gcc_except_table.*)
                0x00000000004022fc                . = (ALIGN (0x200000) - ((0x200000 - .) & 0x1fffff))
                0x00000000006022fc                . = (0x200000 DATA_SEGMENT_ALIGN 0x1000)

.eh_frame
 *(.eh_frame)

.gcc_except_table
 *(.gcc_except_table .gcc_except_table.*)

.tdata
 *(.tdata .tdata.* .gnu.linkonce.td.*)

.tbss
 *(.tbss .tbss.* .gnu.linkonce.tb.*)
 *(.tcommon)

.preinit_array  0x00000000006022fc        0x0
                0x00000000006022fc                PROVIDE (__preinit_array_start, .)
 *(.preinit_array)
                0x00000000006022fc                PROVIDE (__preinit_array_end, .)

.init_array     0x00000000006022fc        0x0
                0x00000000006022fc                PROVIDE (__init_array_start, .)
 *(SORT(.init_array.*))
 *(.init_array)
                0x00000000006022fc                PROVIDE (__init_array_end, .)

.fini_array     0x00000000006022fc        0x0
                0x00000000006022fc                PROVIDE (__fini_array_start, .)
 *(.fini_array)
 *(SORT(.fini_array.*))
                0x00000000006022fc                PROVIDE (__fini_array_end, .)

.ctors          0x0000000000602300       0x10
 *crtbegin.o(.ctors)
 .ctors         0x0000000000602300        0x8 /usr/lib/gcc/x86_64-redhat-linux/4.4.7/crtbegin.o
 *crtbegin?.o(.ctors)
 *(EXCLUDE_FILE(*crtend?.o *crtend.o) .ctors)
 *(SORT(.ctors.*))
 *(.ctors)
 .ctors         0x0000000000602308        0x8 /usr/lib/gcc/x86_64-redhat-linux/4.4.7/crtend.o

.dtors          0x0000000000602310       0x10
 *crtbegin.o(.dtors)
 .dtors         0x0000000000602310        0x8 /usr/lib/gcc/x86_64-redhat-linux/4.4.7/crtbegin.o
 *crtbegin?.o(.dtors)
 *(EXCLUDE_FILE(*crtend?.o *crtend.o) .dtors)
 *(SORT(.dtors.*))
 *(.dtors)
 .dtors         0x0000000000602318        0x8 /usr/lib/gcc/x86_64-redhat-linux/4.4.7/crtend.o
                0x0000000000602318                __DTOR_END__

.jcr            0x0000000000602320        0x8
 *(.jcr)
 .jcr           0x0000000000602320        0x0 /usr/lib/gcc/x86_64-redhat-linux/4.4.7/crtbegin.o
 .jcr           0x0000000000602320        0x8 /usr/lib/gcc/x86_64-redhat-linux/4.4.7/crtend.o

.data.rel.ro
 *(.data.rel.ro.local* .gnu.linkonce.d.rel.ro.local.*)
 *(.data.rel.ro* .gnu.linkonce.d.rel.ro.*)

.dynamic        0x0000000000602328      0x190
 *(.dynamic)
 .dynamic       0x0000000000602328      0x190 /usr/lib/gcc/x86_64-redhat-linux/4.4.7/../../../../lib64/crt1.o
                0x0000000000602328                _DYNAMIC

.got            0x00000000006024b8        0x8
 *(.got)
 .got           0x00000000006024b8        0x8 /usr/lib/gcc/x86_64-redhat-linux/4.4.7/../../../../lib64/crt1.o
 *(.igot)
                0x00000000006024c0                . = (. DATA_SEGMENT_RELRO_END 0x18)

.got.plt        0x00000000006024c0       0x48
 *(.got.plt)
 .got.plt       0x00000000006024c0       0x48 /usr/lib/gcc/x86_64-redhat-linux/4.4.7/../../../../lib64/crt1.o
                0x00000000006024c0                _GLOBAL_OFFSET_TABLE_
 *(.igot.plt)
 .igot.plt      0x0000000000000000        0x0 /usr/lib/gcc/x86_64-redhat-linux/4.4.7/../../../../lib64/crt1.o

.data           0x0000000000602508        0x4
 *(.data .data.* .gnu.linkonce.d.*)
 .data          0x0000000000602508        0x4 /usr/lib/gcc/x86_64-redhat-linux/4.4.7/../../../../lib64/crt1.o
                0x0000000000602508                data_start
                0x0000000000602508                __data_start
 .data          0x000000000060250c        0x0 /usr/lib/gcc/x86_64-redhat-linux/4.4.7/../../../../lib64/crti.o
 .data          0x000000000060250c        0x0 /usr/lib/gcc/x86_64-redhat-linux/4.4.7/crtbegin.o
 .data          0x000000000060250c        0x0 aes.o
 .data          0x000000000060250c        0x0 test.o
 .data          0x000000000060250c        0x0 /usr/lib64/libc_nonshared.a(elf-init.oS)
 .data          0x000000000060250c        0x0 /usr/lib/gcc/x86_64-redhat-linux/4.4.7/crtend.o
 .data          0x000000000060250c        0x0 /usr/lib/gcc/x86_64-redhat-linux/4.4.7/../../../../lib64/crtn.o

.data1
 *(.data1)

.sharable_data  0x0000000000800000        0x0
                0x0000000000800000                PROVIDE (__sharable_data_start, .)
 *(.sharable_data .sharable_data.* .gnu.linkonce.shrd.*)
                0x0000000000800000                . = ALIGN ((. != 0x0)?0x200000:0x1)
                0x0000000000800000                PROVIDE (__sharable_data_end, .)
                0x0000000000800000                _edata = .
                0x0000000000800000                PROVIDE (edata, .)
                0x0000000000800000                __bss_start = .

.bss            0x0000000000602510       0xe0
 *(.dynbss)
 .dynbss        0x0000000000000000        0x0 /usr/lib/gcc/x86_64-redhat-linux/4.4.7/../../../../lib64/crt1.o
 *(.bss .bss.* .gnu.linkonce.b.*)
 .bss           0x0000000000602510        0x0 /usr/lib/gcc/x86_64-redhat-linux/4.4.7/../../../../lib64/crt1.o
 .bss           0x0000000000602510        0x0 /usr/lib/gcc/x86_64-redhat-linux/4.4.7/../../../../lib64/crti.o
 .bss           0x0000000000602510       0x10 /usr/lib/gcc/x86_64-redhat-linux/4.4.7/crtbegin.o
 .bss           0x0000000000602520       0xd0 aes.o
 .bss           0x00000000006025f0        0x0 test.o
 .bss           0x00000000006025f0        0x0 /usr/lib64/libc_nonshared.a(elf-init.oS)
 .bss           0x00000000006025f0        0x0 /usr/lib/gcc/x86_64-redhat-linux/4.4.7/crtend.o
 .bss           0x00000000006025f0        0x0 /usr/lib/gcc/x86_64-redhat-linux/4.4.7/../../../../lib64/crtn.o
 *(COMMON)
                0x00000000006025f0                . = ALIGN ((. != 0x0)?0x8:0x1)

.lbss
 *(.dynlbss)
 *(.lbss .lbss.* .gnu.linkonce.lb.*)
 *(LARGE_COMMON)

.sharable_bss   0x0000000000800000        0x0
                0x0000000000800000                PROVIDE (__sharable_bss_start, .)
 *(.dynsharablebss)
 .dynsharablebss
                0x0000000000000000        0x0 /usr/lib/gcc/x86_64-redhat-linux/4.4.7/../../../../lib64/crt1.o
 *(.sharable_bss .sharable_bss.* .gnu.linkonce.shrb.*)
 *(SHARABLE_COMMON)
                0x0000000000800000                . = ALIGN ((. != 0x0)?0x200000:0x1)
                0x0000000000800000                PROVIDE (__sharable_bss_end, .)
                0x0000000000800000                . = ALIGN (0x8)

.lrodata
 *(.lrodata .lrodata.* .gnu.linkonce.lr.*)

.ldata          0x0000000000a025f0        0x0
 *(.ldata .ldata.* .gnu.linkonce.l.*)
                0x0000000000a025f0                . = ALIGN ((. != 0x0)?0x8:0x1)
                0x0000000000a025f0                . = ALIGN (0x8)
                0x0000000000a025f0                _end = .
                0x0000000000a025f0                PROVIDE (end, .)
                0x0000000000a025f0                . = DATA_SEGMENT_END (.)

.stab
 *(.stab)

.stabstr
 *(.stabstr)

.stab.excl
 *(.stab.excl)

.stab.exclstr
 *(.stab.exclstr)

.stab.index
 *(.stab.index)

.stab.indexstr
 *(.stab.indexstr)

.comment        0x0000000000000000       0x86
 *(.comment)
 .comment       0x0000000000000000       0x2d /usr/lib/gcc/x86_64-redhat-linux/4.4.7/../../../../lib64/crt1.o
                                         0x2e (size before relaxing)
 .comment       0x0000000000000000       0x2e /usr/lib/gcc/x86_64-redhat-linux/4.4.7/../../../../lib64/crti.o
 .comment       0x000000000000002d       0x2d /usr/lib/gcc/x86_64-redhat-linux/4.4.7/crtbegin.o
                                         0x2e (size before relaxing)
 .comment       0x0000000000000000       0x2e aes.o
 .comment       0x000000000000005a       0x2c test.o
                                         0x2d (size before relaxing)
 .comment       0x0000000000000000       0x2e /usr/lib64/libc_nonshared.a(elf-init.oS)
 .comment       0x0000000000000000       0x2e /usr/lib/gcc/x86_64-redhat-linux/4.4.7/crtend.o
 .comment       0x0000000000000000       0x2e /usr/lib/gcc/x86_64-redhat-linux/4.4.7/../../../../lib64/crtn.o

.debug
 *(.debug)

.line
 *(.line)

.debug_srcinfo
 *(.debug_srcinfo)

.debug_sfnames
 *(.debug_sfnames)

.debug_aranges
 *(.debug_aranges)

.debug_pubnames
 *(.debug_pubnames)

.debug_info
 *(.debug_info .gnu.linkonce.wi.*)

.debug_abbrev
 *(.debug_abbrev)

.debug_line
 *(.debug_line)

.debug_frame
 *(.debug_frame)

.debug_str
 *(.debug_str)

.debug_loc
 *(.debug_loc)

.debug_macinfo
 *(.debug_macinfo)

.debug_weaknames
 *(.debug_weaknames)

.debug_funcnames
 *(.debug_funcnames)

.debug_typenames
 *(.debug_typenames)

.debug_varnames
 *(.debug_varnames)

.debug_pubtypes
 *(.debug_pubtypes)

.debug_ranges
 *(.debug_ranges)

.gnu.attributes
 *(.gnu.attributes)

/DISCARD/
 *(.note.GNU-stack)
 *(.gnu_debuglink)
 *(.gnu.lto_*)
OUTPUT(test.out elf64-x86-64)
