============================================================
  Generated by:           Genus(TM) Synthesis Solution 22.12-s082_1
  Generated on:           May 06 2025  03:57:39 pm
  Module:                 counter
  Operating conditions:   slow (balanced_tree)
  Wireload mode:          segmented
  Area mode:              timing library
============================================================


Path 1: MET (86 ps) Clock Gating Setup Check at cgic pin RC_CG_HIER_INST0/RC_CGIC_INST/E
          Group: cg_enable_group_clk
     Startpoint: (F) en
          Clock: (R) clk
       Endpoint: (F) RC_CG_HIER_INST0/RC_CGIC_INST/E
          Clock: (R) clk

                     Capture       Launch     
        Clock Edge:+     500            0     
        Drv Adjust:+       0            0     
       Src Latency:+       0            0     
       Net Latency:+       0 (I)        0 (I) 
           Arrival:=     500            0     
                                              
  Gate Check Setup:-      19                  
       Uncertainty:-      95                  
     Required Time:=     386                  
      Launch Clock:-       0                  
       Input Delay:-     300                  
         Data Path:-       0                  
             Slack:=      86                  

Exceptions/Constraints:
  input_delay             300             counter.sdc_line_5 

#----------------------------------------------------------------------------------------------------------
#          Timing Point           Flags   Arc   Edge    Cell      Fanout Load Trans Delay Arrival Instance 
#                                                                        (fF)  (ps)  (ps)   (ps)  Location 
#----------------------------------------------------------------------------------------------------------
  en                              -       -     F     (arrival)        1  0.3     0     0     300    (-,-) 
  RC_CG_HIER_INST0/RC_CGIC_INST/E -       -     F     TLATNTSCAX2      1    -     -     0     300    (-,-) 
#----------------------------------------------------------------------------------------------------------

