============================================================
  Generated by:           Genus(TM) Synthesis Solution 22.12-s082_1
  Generated on:           May 06 2025  03:57:39 pm
  Module:                 counter
  Operating conditions:   slow (balanced_tree)
  Wireload mode:          segmented
  Area mode:              timing library
============================================================


Path 1: MET (58 ps) Late External Delay Assertion at pin q[0]
          Group: reg2out
     Startpoint: (R) q_reg_0/CK
          Clock: (R) clk
       Endpoint: (R) q[0]
          Clock: (R) clk

                     Capture       Launch     
        Clock Edge:+     500            0     
       Src Latency:+       0            0     
       Net Latency:+       0 (I)        0 (I) 
           Arrival:=     500            0     
                                              
      Output Delay:-     300                  
       Uncertainty:-      95                  
     Required Time:=     105                  
      Launch Clock:-       0                  
         Data Path:-      46                  
             Slack:=      58                  

Exceptions/Constraints:
  output_delay             300             counter.sdc_line_9_7_1 

#---------------------------------------------------------------------------------------
# Timing Point   Flags   Arc   Edge   Cell     Fanout Load Trans Delay Arrival Instance 
#                                                     (fF)  (ps)  (ps)   (ps)  Location 
#---------------------------------------------------------------------------------------
  q_reg_0/CK     -       -     R     (arrival)      8    -     0     0       0    (-,-) 
  q_reg_0/Q      -       CK->Q R     DFFRX1         3  0.6     7    46      46    (-,-) 
  q[0]           -       -     R     (port)         -    -     -     0      46    (-,-) 
#---------------------------------------------------------------------------------------



Path 2: MET (59 ps) Late External Delay Assertion at pin q[4]
          Group: reg2out
     Startpoint: (R) q_reg_4/CK
          Clock: (R) clk
       Endpoint: (R) q[4]
          Clock: (R) clk

                     Capture       Launch     
        Clock Edge:+     500            0     
       Src Latency:+       0            0     
       Net Latency:+       0 (I)        0 (I) 
           Arrival:=     500            0     
                                              
      Output Delay:-     300                  
       Uncertainty:-      95                  
     Required Time:=     105                  
      Launch Clock:-       0                  
         Data Path:-      46                  
             Slack:=      59                  

Exceptions/Constraints:
  output_delay             300             counter.sdc_line_9_3_1 

#---------------------------------------------------------------------------------------
# Timing Point   Flags   Arc   Edge   Cell     Fanout Load Trans Delay Arrival Instance 
#                                                     (fF)  (ps)  (ps)   (ps)  Location 
#---------------------------------------------------------------------------------------
  q_reg_4/CK     -       -     R     (arrival)      8    -     0     0       0    (-,-) 
  q_reg_4/Q      -       CK->Q R     DFFRX1         2  0.3     5    46      46    (-,-) 
  q[4]           -       -     R     (port)         -    -     -     0      46    (-,-) 
#---------------------------------------------------------------------------------------



Path 3: MET (62 ps) Late External Delay Assertion at pin q[2]
          Group: reg2out
     Startpoint: (R) q_reg_2/CK
          Clock: (R) clk
       Endpoint: (R) q[2]
          Clock: (R) clk

                     Capture       Launch     
        Clock Edge:+     500            0     
       Src Latency:+       0            0     
       Net Latency:+       0 (I)        0 (I) 
           Arrival:=     500            0     
                                              
      Output Delay:-     300                  
       Uncertainty:-      95                  
     Required Time:=     105                  
      Launch Clock:-       0                  
         Data Path:-      43                  
             Slack:=      62                  

Exceptions/Constraints:
  output_delay             300             counter.sdc_line_9_5_1 

#---------------------------------------------------------------------------------------
# Timing Point   Flags   Arc   Edge   Cell     Fanout Load Trans Delay Arrival Instance 
#                                                     (fF)  (ps)  (ps)   (ps)  Location 
#---------------------------------------------------------------------------------------
  q_reg_2/CK     -       -     R     (arrival)      8    -     0     0       0    (-,-) 
  q_reg_2/Q      -       CK->Q R     DFFRHQX1       4  0.9     8    43      43    (-,-) 
  q[2]           -       -     R     (port)         -    -     -     0      43    (-,-) 
#---------------------------------------------------------------------------------------



Path 4: MET (62 ps) Late External Delay Assertion at pin q[3]
          Group: reg2out
     Startpoint: (R) q_reg_3/CK
          Clock: (R) clk
       Endpoint: (R) q[3]
          Clock: (R) clk

                     Capture       Launch     
        Clock Edge:+     500            0     
       Src Latency:+       0            0     
       Net Latency:+       0 (I)        0 (I) 
           Arrival:=     500            0     
                                              
      Output Delay:-     300                  
       Uncertainty:-      95                  
     Required Time:=     105                  
      Launch Clock:-       0                  
         Data Path:-      43                  
             Slack:=      62                  

Exceptions/Constraints:
  output_delay             300             counter.sdc_line_9_4_1 

#---------------------------------------------------------------------------------------
# Timing Point   Flags   Arc   Edge   Cell     Fanout Load Trans Delay Arrival Instance 
#                                                     (fF)  (ps)  (ps)   (ps)  Location 
#---------------------------------------------------------------------------------------
  q_reg_3/CK     -       -     R     (arrival)      8    -     0     0       0    (-,-) 
  q_reg_3/Q      -       CK->Q R     DFFRHQX1       4  0.9     8    43      43    (-,-) 
  q[3]           -       -     R     (port)         -    -     -     0      43    (-,-) 
#---------------------------------------------------------------------------------------



Path 5: MET (62 ps) Late External Delay Assertion at pin q[5]
          Group: reg2out
     Startpoint: (R) q_reg_5/CK
          Clock: (R) clk
       Endpoint: (R) q[5]
          Clock: (R) clk

                     Capture       Launch     
        Clock Edge:+     500            0     
       Src Latency:+       0            0     
       Net Latency:+       0 (I)        0 (I) 
           Arrival:=     500            0     
                                              
      Output Delay:-     300                  
       Uncertainty:-      95                  
     Required Time:=     105                  
      Launch Clock:-       0                  
         Data Path:-      43                  
             Slack:=      62                  

Exceptions/Constraints:
  output_delay             300             counter.sdc_line_9_2_1 

#---------------------------------------------------------------------------------------
# Timing Point   Flags   Arc   Edge   Cell     Fanout Load Trans Delay Arrival Instance 
#                                                     (fF)  (ps)  (ps)   (ps)  Location 
#---------------------------------------------------------------------------------------
  q_reg_5/CK     -       -     R     (arrival)      8    -     0     0       0    (-,-) 
  q_reg_5/Q      -       CK->Q R     DFFRHQX1       4  0.9     8    43      43    (-,-) 
  q[5]           -       -     R     (port)         -    -     -     0      43    (-,-) 
#---------------------------------------------------------------------------------------



Path 6: MET (62 ps) Late External Delay Assertion at pin q[6]
          Group: reg2out
     Startpoint: (R) q_reg_6/CK
          Clock: (R) clk
       Endpoint: (R) q[6]
          Clock: (R) clk

                     Capture       Launch     
        Clock Edge:+     500            0     
       Src Latency:+       0            0     
       Net Latency:+       0 (I)        0 (I) 
           Arrival:=     500            0     
                                              
      Output Delay:-     300                  
       Uncertainty:-      95                  
     Required Time:=     105                  
      Launch Clock:-       0                  
         Data Path:-      43                  
             Slack:=      62                  

Exceptions/Constraints:
  output_delay             300             counter.sdc_line_9_1_1 

#---------------------------------------------------------------------------------------
# Timing Point   Flags   Arc   Edge   Cell     Fanout Load Trans Delay Arrival Instance 
#                                                     (fF)  (ps)  (ps)   (ps)  Location 
#---------------------------------------------------------------------------------------
  q_reg_6/CK     -       -     R     (arrival)      8    -     0     0       0    (-,-) 
  q_reg_6/Q      -       CK->Q R     DFFRHQX1       4  0.9     8    43      43    (-,-) 
  q[6]           -       -     R     (port)         -    -     -     0      43    (-,-) 
#---------------------------------------------------------------------------------------



Path 7: MET (63 ps) Late External Delay Assertion at pin q[1]
          Group: reg2out
     Startpoint: (R) q_reg_1/CK
          Clock: (R) clk
       Endpoint: (R) q[1]
          Clock: (R) clk

                     Capture       Launch     
        Clock Edge:+     500            0     
       Src Latency:+       0            0     
       Net Latency:+       0 (I)        0 (I) 
           Arrival:=     500            0     
                                              
      Output Delay:-     300                  
       Uncertainty:-      95                  
     Required Time:=     105                  
      Launch Clock:-       0                  
         Data Path:-      42                  
             Slack:=      63                  

Exceptions/Constraints:
  output_delay             300             counter.sdc_line_9_6_1 

#---------------------------------------------------------------------------------------
# Timing Point   Flags   Arc   Edge   Cell     Fanout Load Trans Delay Arrival Instance 
#                                                     (fF)  (ps)  (ps)   (ps)  Location 
#---------------------------------------------------------------------------------------
  q_reg_1/CK     -       -     R     (arrival)      8    -     0     0       0    (-,-) 
  q_reg_1/Q      -       CK->Q R     DFFRHQX1       3  0.6     6    42      42    (-,-) 
  q[1]           -       -     R     (port)         -    -     -     0      42    (-,-) 
#---------------------------------------------------------------------------------------



Path 8: MET (63 ps) Late External Delay Assertion at pin q[7]
          Group: reg2out
     Startpoint: (R) q_reg_7/CK
          Clock: (R) clk
       Endpoint: (R) q[7]
          Clock: (R) clk

                     Capture       Launch     
        Clock Edge:+     500            0     
       Src Latency:+       0            0     
       Net Latency:+       0 (I)        0 (I) 
           Arrival:=     500            0     
                                              
      Output Delay:-     300                  
       Uncertainty:-      95                  
     Required Time:=     105                  
      Launch Clock:-       0                  
         Data Path:-      42                  
             Slack:=      63                  

Exceptions/Constraints:
  output_delay             300             counter.sdc_line_9 

#---------------------------------------------------------------------------------------
# Timing Point   Flags   Arc   Edge   Cell     Fanout Load Trans Delay Arrival Instance 
#                                                     (fF)  (ps)  (ps)   (ps)  Location 
#---------------------------------------------------------------------------------------
  q_reg_7/CK     -       -     R     (arrival)      8    -     0     0       0    (-,-) 
  q_reg_7/Q      -       CK->Q R     DFFRHQX1       3  0.6     6    42      42    (-,-) 
  q[7]           -       -     R     (port)         -    -     -     0      42    (-,-) 
#---------------------------------------------------------------------------------------



Path 9: MET (86 ps) Clock Gating Setup Check at cgic pin RC_CG_HIER_INST0/RC_CGIC_INST/E
          Group: cg_enable_group_clk
     Startpoint: (F) en
          Clock: (R) clk
       Endpoint: (F) RC_CG_HIER_INST0/RC_CGIC_INST/E
          Clock: (R) clk

                     Capture       Launch     
        Clock Edge:+     500            0     
        Drv Adjust:+       0            0     
       Src Latency:+       0            0     
       Net Latency:+       0 (I)        0 (I) 
           Arrival:=     500            0     
                                              
  Gate Check Setup:-      19                  
       Uncertainty:-      95                  
     Required Time:=     386                  
      Launch Clock:-       0                  
       Input Delay:-     300                  
         Data Path:-       0                  
             Slack:=      86                  

Exceptions/Constraints:
  input_delay             300             counter.sdc_line_5 

#----------------------------------------------------------------------------------------------------------
#          Timing Point           Flags   Arc   Edge    Cell      Fanout Load Trans Delay Arrival Instance 
#                                                                        (fF)  (ps)  (ps)   (ps)  Location 
#----------------------------------------------------------------------------------------------------------
  en                              -       -     F     (arrival)        1  0.3     0     0     300    (-,-) 
  RC_CG_HIER_INST0/RC_CGIC_INST/E -       -     F     TLATNTSCAX2      1    -     -     0     300    (-,-) 
#----------------------------------------------------------------------------------------------------------

Some unconstrained paths have not been displayed.
Use -unconstrained or set the root attribute 'timing_report_unconstrained' to 'true' to see only these unconstrained paths.

