============================================================
  Generated by:           Genus(TM) Synthesis Solution 22.12-s082_1
  Generated on:           May 06 2025  03:57:40 pm
  Module:                 counter
  Operating conditions:   slow (balanced_tree)
  Wireload mode:          segmented
  Area mode:              timing library
============================================================

Timing
--------

Clock Period 
-------------
clk    500.0 


        Cost          Critical         Violating 
       Group         Path Slack  TNS     Paths   
-------------------------------------------------
cg_enable_group_clk        85.8   0.0          0 
clk                    No paths   0.0            
default                No paths   0.0            
in2out                 No paths   0.0            
in2reg                 No paths   0.0            
reg2out                    58.5   0.0          0 
reg2reg                No paths   0.0            
-------------------------------------------------
Total                             0.0          0 

Instance Count
--------------
Leaf Instance Count             27 
Physical Instance count          0 
Sequential Instance Count        9 
Combinational Instance Count    18 
Hierarchical Instance Count      1 

Area
----
Cell Area                          81.738
Physical Cell Area                 0.000
Total Cell Area (Cell+Physical)    81.738
Net Area                           0.000
Total Area (Cell+Physical+Net)     81.738

Power
-----
Leakage Power                      9.221 nW
Dynamic Power                      68603.755 nW
Total Power                        68612.976 nW

Number of Clock Gating Logic       1
Max Fanout                         8 (rc_gclk)
Min Fanout                         0 (rst_n)
Average Fanout                     2.1
Terms to net ratio                 3.0606
Terms to instance ratio            3.7407
Runtime                            32.999995 seconds
Elapsed Runtime                    59 seconds
Genus peak memory usage            1498.44 
Innovus peak memory usage          no_value 
Hostname                           training
