============================================================
  Generated by:           Genus(TM) Synthesis Solution 22.12-s082_1
  Generated on:           May 06 2025  03:57:18 pm
  Module:                 counter
  Technology libraries:   leon.partCell 
                          MEM1_1024X32 1.1
                          MEM1_256X32 1.1
                          MEM1_4096X32 1.1
                          MEM2_1024X32 1.1
                          MEM2_128X16 1.1
                          MEM2_128X32 1.1
                          MEM2_126X32 1.1
                          MEM2_2048X32 1.1
                          MEM2_4096X32 1.1
                          MEM2_512X32 1.1
                          pllclk_slow 010
                          GPDK_IO.lib 1.1
                          fast_vdd1v2 1.0
  Operating conditions:   slow (balanced_tree)
  Wireload mode:          segmented
  Area mode:              timing library
============================================================

-------------------------------------------------------------------------------
Timing exceptions with no effect

The following timing exceptions are not currently affecting timing in the       
design.  Either no paths in the design satisfy the exception's path             
specification, or all paths that satisfy the path specification also satisfy an 
exception with a higher priority.  You can improve runtime and memory usage by  
removing these exceptions if they are not truly needed.  To see if there is a   
path in the design that satisfies the path specification for an exception, or   
to see what other exception is overriding an exception because of priority, use 
the command:                                                                    
  report timing -paths [eval [::legacy::get_attribute paths <exception>]]

exception:counter/clk
exception:counter/in2out
exception:counter/in2reg
exception:counter/reg2reg
-------------------------------------------------------------------------------

-------------------------------------------------------------------------------
Inputs without external driver/transition

The following primary inputs have no external driver or input transition set.   
As a result the transition on the ports will be assumed as zero. The            
'external_driver' attribute is used to add and external driver or the           
'fixed_slew' attribute to add an external transition.                           

port:counter/en
port:counter/rst_n
-------------------------------------------------------------------------------

-------------------------------------------------------------------------------
Outputs without external load

The following primary outputs have no external load set. As a result the load   
on the ports will be assumed as zero. The 'external_pin_cap' attribute is used  
to add and external pin cap.                                                    

port:counter/q[0]
port:counter/q[1]
port:counter/q[2]
port:counter/q[3]
port:counter/q[4]
port:counter/q[5]
port:counter/q[6]
port:counter/q[7]
-------------------------------------------------------------------------------


Lint summary
 Unconnected/logic driven clocks                                  0
 Sequential data pins driven by a clock signal                    0
 Sequential clock pins without clock waveform                     0
 Sequential clock pins with multiple clock waveforms              0
 Generated clocks without clock waveform                          0
 Generated clocks with incompatible options                       0
 Generated clocks with multi-master clock                         0
 Paths constrained with different clocks                          0
 Loop-breaking cells for combinational feedback                   0
 Nets with multiple drivers                                       0
 Timing exceptions with no effect                                 4
 Suspicious multi_cycle exceptions                                0
 Pins/ports with conflicting case constants                       0
 Inputs without clocked external delays                           0
 Outputs without clocked external delays                          0
 Inputs without external driver/transition                        2
 Outputs without external load                                    8
 Exceptions with invalid timing start-/endpoints                  0

                                                  Total:         14
