  CREATE_STREAM @0 {NAME:aes_key_all_one_sequences T:TVM SCOPE:uvm_test_top.tb.env.agent.sequencer STREAM:1}
BEGIN @0 {TXH:2 STREAM:1 NAME:aes_key_all_one_sequences TIME=0  TYPE="Begin_No_Parent, Link" LABEL:"" DESC=""}
BEGIN @16 {TXH:3 STREAM:1 NAME:req TIME=0  TYPE="Begin_End, Link" LABEL:"" DESC=""}
  LINK @16 {TXH1:2 TXH2:3 RELATION=child}
  CREATE_STREAM @16 {NAME:Driver_AES T:TVM SCOPE:uvm_test_top.tb.env.agent.driver STREAM:4}
BEGIN @16 {TXH:5 STREAM:4 NAME:req TIME=0  TYPE="Begin_End, Link" LABEL:"" DESC=""}
  LINK @16 {TXH1:2 TXH2:5 RELATION=child}
  SET_ATTR @125 {TXH:5 NAME:data_in VALUE:221132398894648757791172390125092518676   RADIX:UVM_HEX BITS=128}
  SET_ATTR @125 {TXH:5 NAME:key VALUE:340282366920938463463374607431768211455   RADIX:UVM_HEX BITS=128}
  SET_ATTR @125 {TXH:5 NAME:data_out VALUE:0   RADIX:UVM_HEX BITS=128}
  SET_ATTR @125 {TXH:5 NAME:finished VALUE:0   RADIX:UVM_BIN BITS=1}
END @125 {TXH:5 TIME=0}
FREE @125 {TXH:5}
  SET_ATTR @125 {TXH:3 NAME:data_in VALUE:221132398894648757791172390125092518676   RADIX:UVM_HEX BITS=128}
  SET_ATTR @125 {TXH:3 NAME:key VALUE:340282366920938463463374607431768211455   RADIX:UVM_HEX BITS=128}
  SET_ATTR @125 {TXH:3 NAME:data_out VALUE:0   RADIX:UVM_HEX BITS=128}
  SET_ATTR @125 {TXH:3 NAME:finished VALUE:0   RADIX:UVM_BIN BITS=1}
END @125 {TXH:3 TIME=0}
FREE @125 {TXH:3}
END @125 {TXH:2 TIME=0}
FREE @125 {TXH:2}
